// Jest Snapshot v1, https://goo.gl/fbAQLP

exports[`App should be rendered and it should match the expected snapshot 1`] = `
<div
  className="container"
>
  <ul
    className="responsive-table bg-white"
  >
    <li
      className="table-header d-flex"
    >
      <div
        className="col-3 title"
      >
        NAME
      </div>
      <div
        className="col-7 title"
      >
        DESCRIPTION
      </div>
    </li>
  </ul>
</div>
`;
